// Jest Snapshot v1, https://goo.gl/fbAQLP

exports[`ContactFormik container matches snapshot 1`] = `
<DocumentFragment>
  <section
    class="moduleStyles__ContactFormikWrapper-sc-187oehp-2 gqMlFz"
  >
    <div
      class="form-wrapper"
    >
      <form
        class="form"
        data-netlify="true"
        data-netlify-honeypot="bot-field"
        name="contactForm"
      >
        <input
          hidden=""
          name="bot-field"
        />
        <p
          class="helper"
        >
          All fields are required
        </p>
        <div
          class="formElementsStyles__InputFieldWrapper-sc-5xvoh1-2 eIaxFt"
        >
          <div
            class="field"
          >
            <label
              class="label"
              for="name"
            >
              Name:
            </label>
            <input
              class="input-text"
              id="name"
              name="name"
              type="text"
              value=""
            />
          </div>
        </div>
        <div
          class="formElementsStyles__InputFieldWrapper-sc-5xvoh1-2 eIaxFt"
        >
          <div
            class="field"
          >
            <label
              class="label"
              for="name"
            >
              Email address:
            </label>
            <input
              class="input-text"
              id="email"
              name="email"
              type="text"
              value=""
            />
          </div>
        </div>
        <div
          class="formElementsStyles__InputFieldWrapper-sc-5xvoh1-2 eIaxFt"
        >
          <div
            class="field"
          >
            <label
              class="label"
              for="name"
            >
              Message:
            </label>
            <textarea
              class="input-textarea"
              id="message"
              name="message"
              rows="6"
              type="text"
            />
          </div>
        </div>
        <div
          class="buttons"
        >
          <div
            class="formElementsStyles__ButtonWrapper-sc-5xvoh1-1 karwgk"
          >
            <button
              aria-label="Send message"
              class="btn btn-primary"
              id="contactFormSubmit"
              type="submit"
            >
              Send message
            </button>
          </div>
          <div
            class="formElementsStyles__ButtonWrapper-sc-5xvoh1-1 karwgk"
          >
            <button
              aria-label="Clear"
              class="btn btn-primary hollow"
              id="contactFormSubmit"
              type="reset"
            >
              Clear
            </button>
          </div>
        </div>
      </form>
    </div>
  </section>
</DocumentFragment>
`;
