// Jest Snapshot v1, https://goo.gl/fbAQLP

exports[`PageHeader module matches snapshot 1`] = `
<DocumentFragment>
  <section
    class="moduleStyles__PageHeaderWrapper-sc-187oehp-8 hBFPQi"
  >
    <div
      class="page-header"
    >
      <div
        class="title"
      >
        <h1>
          title
        </h1>
      </div>
      <div
        class="sub-title"
      >
        subTitle
      </div>
    </div>
  </section>
</DocumentFragment>
`;
