// Jest Snapshot v1, https://goo.gl/fbAQLP

exports[`CvPagination component matches snapshot 1`] = `
<DocumentFragment>
  <div
    class="componentStyles__CvPaginationWrapper-sc-1wsblha-0 gUFMdV"
  >
    <div
      class="pagination"
    >
      <p
        data-testid="pageNumberCopy"
      >
        Page 1 of 4
      </p>
      <div
        class="buttons"
      >
        <button
          class="btn"
          data-testid="previousPage"
          disabled=""
          type="button"
        >
          Previous
        </button>
        <button
          class="btn"
          data-testid="nextPage"
          type="button"
        >
          Next
        </button>
      </div>
    </div>
  </div>
</DocumentFragment>
`;
