// Jest Snapshot v1, https://goo.gl/fbAQLP

exports[`HomePageBlock component matches snapshot 1`] = `
<DocumentFragment>
  <div
    class="componentStyles__HomePageBlockWrapper-sc-1wsblha-1 kqpejr"
  >
    <div
      class="homepage-block"
    >
      <a
        class="link"
        href="/link/path"
      >
        <div
          class="card-image"
        >
          <img
            alt=""
            class="img-responsive"
            src="/image/path"
          />
        </div>
        <div
          class="link-holder"
        >
          myTitle
        </div>
      </a>
    </div>
  </div>
</DocumentFragment>
`;
