// Jest Snapshot v1, https://goo.gl/fbAQLP

exports[`SideBarMenu component matches snapshot 1`] = `
<DocumentFragment>
  <div
    class="componentStyles__SideBarMenuWrapper-sc-1wsblha-2 dTCYpA"
  >
    <div
      class="sidebar-container"
    >
      <div
        class="formElementsStyles__SideBarBurgerButtonWrapper-sc-1yt8nu9-0 kHAvLr"
      >
        <button
          class="btn close-menu-icon"
          id="burger-menu"
        >
          <span />
          <span />
          <span />
          <span />
        </button>
      </div>
      <div
        class="sidebar-menu"
        id="sideBarMenu"
      >
        <a
          class="name-logo"
          href="/"
        >
          Darren Sweeney
        </a>
        <div
          class="nav-block-container"
        >
          <div
            class="componentStyles__SideNavBlockWrapper-sc-1wsblha-3 eGsRvE"
          >
            <div
              class="side-nav-block"
            >
              <a
                aria-label="Home"
                class="link"
                href="/"
                role="navigation"
              >
                <div
                  class="icon"
                />
                <div
                  class="link"
                >
                  Home
                </div>
              </a>
            </div>
          </div>
          <div
            class="componentStyles__SideNavBlockWrapper-sc-1wsblha-3 eGsRvE"
          >
            <div
              class="side-nav-block"
            >
              <a
                aria-label="link"
                class="link"
                href="/link"
                role="navigation"
              >
                <div
                  class="icon"
                />
                <div
                  class="link"
                >
                  link
                </div>
              </a>
            </div>
          </div>
        </div>
      </div>
    </div>
  </div>
</DocumentFragment>
`;
