// Jest Snapshot v1, https://goo.gl/fbAQLP

exports[`SideBarMenuLinks component matches snapshot 1`] = `
<DocumentFragment>
  <div
    class="side-nav-block"
  >
    <a
      aria-label="Home"
      class="link"
      href="/"
      role="navigation"
    >
      <div
        class="icon"
      />
      <div
        class="link"
      >
        Home
      </div>
    </a>
  </div>
  <div
    class="side-nav-block"
  >
    <a
      aria-label="link"
      class="link"
      href="/link"
      role="navigation"
    >
      <div
        class="icon"
      />
      <div
        class="link"
      >
        link
      </div>
    </a>
  </div>
</DocumentFragment>
`;
